// Jest Snapshot v1, https://goo.gl/fbAQLP

exports[`<ChartApp /> should render successfully 1`] = `
ShallowWrapper {
  Symbol(enzyme.__root__): [Circular],
  Symbol(enzyme.__unrendered__): <ChartApp
    data={
        Array [
            3,
            3,
            1,
          ]
    }
    onChangeRangeSliderValue={[Function]}
    rangeSliderValue={
        Object {
            "max": 8,
            "min": 1,
          }
    }
/>,
  Symbol(enzyme.__renderer__): Object {
    "batchedUpdates": [Function],
    "getNode": [Function],
    "render": [Function],
    "simulateError": [Function],
    "simulateEvent": [Function],
    "unmount": [Function],
  },
  Symbol(enzyme.__node__): Object {
    "instance": null,
    "key": undefined,
    "nodeType": "host",
    "props": Object {
      "children": Array [
        <div
          className="item"
>
          <Bar
                    data={
                              Object {
                                        "datasets": Array [
                                          Object {
                                            "backgroundColor": Array [
                                              "RGB(49, 172, 170, 0.8)",
                                              "RGB(49, 172, 170, 0.8)",
                                              "RGB(49, 172, 170, 0.8)",
                                            ],
                                            "borderWidth": 1,
                                            "data": Array [
                                              3,
                                              3,
                                              1,
                                            ],
                                            "label": "Bar chart",
                                          },
                                        ],
                                        "labels": Array [
                                          "1",
                                          "2",
                                          "3",
                                        ],
                                      }
                    }
                    height={400}
                    options={
                              Object {
                                        "maintainAspectRatio": false,
                                      }
                    }
          />
</div>,
        <div
          className="item"
>
          <Unknown
                    maxValue={3}
                    minValue={1}
                    onChange={[Function]}
                    value={
                              Object {
                                        "max": 8,
                                        "min": 1,
                                      }
                    }
          />
</div>,
      ],
      "className": "container",
    },
    "ref": null,
    "rendered": Array [
      Object {
        "instance": null,
        "key": undefined,
        "nodeType": "host",
        "props": Object {
          "children": <Bar
            data={
                        Object {
                                    "datasets": Array [
                                      Object {
                                        "backgroundColor": Array [
                                          "RGB(49, 172, 170, 0.8)",
                                          "RGB(49, 172, 170, 0.8)",
                                          "RGB(49, 172, 170, 0.8)",
                                        ],
                                        "borderWidth": 1,
                                        "data": Array [
                                          3,
                                          3,
                                          1,
                                        ],
                                        "label": "Bar chart",
                                      },
                                    ],
                                    "labels": Array [
                                      "1",
                                      "2",
                                      "3",
                                    ],
                                  }
            }
            height={400}
            options={
                        Object {
                                    "maintainAspectRatio": false,
                                  }
            }
/>,
          "className": "item",
        },
        "ref": null,
        "rendered": Object {
          "instance": null,
          "key": undefined,
          "nodeType": "class",
          "props": Object {
            "data": Object {
              "datasets": Array [
                Object {
                  "backgroundColor": Array [
                    "RGB(49, 172, 170, 0.8)",
                    "RGB(49, 172, 170, 0.8)",
                    "RGB(49, 172, 170, 0.8)",
                  ],
                  "borderWidth": 1,
                  "data": Array [
                    3,
                    3,
                    1,
                  ],
                  "label": "Bar chart",
                },
              ],
              "labels": Array [
                "1",
                "2",
                "3",
              ],
            },
            "height": 400,
            "options": Object {
              "maintainAspectRatio": false,
            },
          },
          "ref": null,
          "rendered": null,
          "type": [Function],
        },
        "type": "div",
      },
      Object {
        "instance": null,
        "key": undefined,
        "nodeType": "host",
        "props": Object {
          "children": <Unknown
            maxValue={3}
            minValue={1}
            onChange={[Function]}
            value={
                        Object {
                                    "max": 8,
                                    "min": 1,
                                  }
            }
/>,
          "className": "item",
        },
        "ref": null,
        "rendered": Object {
          "instance": null,
          "key": undefined,
          "nodeType": "function",
          "props": Object {
            "maxValue": 3,
            "minValue": 1,
            "onChange": [Function],
            "value": Object {
              "max": 8,
              "min": 1,
            },
          },
          "ref": null,
          "rendered": null,
          "type": undefined,
        },
        "type": "div",
      },
    ],
    "type": "div",
  },
  Symbol(enzyme.__nodes__): Array [
    Object {
      "instance": null,
      "key": undefined,
      "nodeType": "host",
      "props": Object {
        "children": Array [
          <div
            className="item"
>
            <Bar
                        data={
                                    Object {
                                                "datasets": Array [
                                                  Object {
                                                    "backgroundColor": Array [
                                                      "RGB(49, 172, 170, 0.8)",
                                                      "RGB(49, 172, 170, 0.8)",
                                                      "RGB(49, 172, 170, 0.8)",
                                                    ],
                                                    "borderWidth": 1,
                                                    "data": Array [
                                                      3,
                                                      3,
                                                      1,
                                                    ],
                                                    "label": "Bar chart",
                                                  },
                                                ],
                                                "labels": Array [
                                                  "1",
                                                  "2",
                                                  "3",
                                                ],
                                              }
                        }
                        height={400}
                        options={
                                    Object {
                                                "maintainAspectRatio": false,
                                              }
                        }
            />
</div>,
          <div
            className="item"
>
            <Unknown
                        maxValue={3}
                        minValue={1}
                        onChange={[Function]}
                        value={
                                    Object {
                                                "max": 8,
                                                "min": 1,
                                              }
                        }
            />
</div>,
        ],
        "className": "container",
      },
      "ref": null,
      "rendered": Array [
        Object {
          "instance": null,
          "key": undefined,
          "nodeType": "host",
          "props": Object {
            "children": <Bar
              data={
                            Object {
                                          "datasets": Array [
                                            Object {
                                              "backgroundColor": Array [
                                                "RGB(49, 172, 170, 0.8)",
                                                "RGB(49, 172, 170, 0.8)",
                                                "RGB(49, 172, 170, 0.8)",
                                              ],
                                              "borderWidth": 1,
                                              "data": Array [
                                                3,
                                                3,
                                                1,
                                              ],
                                              "label": "Bar chart",
                                            },
                                          ],
                                          "labels": Array [
                                            "1",
                                            "2",
                                            "3",
                                          ],
                                        }
              }
              height={400}
              options={
                            Object {
                                          "maintainAspectRatio": false,
                                        }
              }
/>,
            "className": "item",
          },
          "ref": null,
          "rendered": Object {
            "instance": null,
            "key": undefined,
            "nodeType": "class",
            "props": Object {
              "data": Object {
                "datasets": Array [
                  Object {
                    "backgroundColor": Array [
                      "RGB(49, 172, 170, 0.8)",
                      "RGB(49, 172, 170, 0.8)",
                      "RGB(49, 172, 170, 0.8)",
                    ],
                    "borderWidth": 1,
                    "data": Array [
                      3,
                      3,
                      1,
                    ],
                    "label": "Bar chart",
                  },
                ],
                "labels": Array [
                  "1",
                  "2",
                  "3",
                ],
              },
              "height": 400,
              "options": Object {
                "maintainAspectRatio": false,
              },
            },
            "ref": null,
            "rendered": null,
            "type": [Function],
          },
          "type": "div",
        },
        Object {
          "instance": null,
          "key": undefined,
          "nodeType": "host",
          "props": Object {
            "children": <Unknown
              maxValue={3}
              minValue={1}
              onChange={[Function]}
              value={
                            Object {
                                          "max": 8,
                                          "min": 1,
                                        }
              }
/>,
            "className": "item",
          },
          "ref": null,
          "rendered": Object {
            "instance": null,
            "key": undefined,
            "nodeType": "function",
            "props": Object {
              "maxValue": 3,
              "minValue": 1,
              "onChange": [Function],
              "value": Object {
                "max": 8,
                "min": 1,
              },
            },
            "ref": null,
            "rendered": null,
            "type": undefined,
          },
          "type": "div",
        },
      ],
      "type": "div",
    },
  ],
  Symbol(enzyme.__options__): Object {
    "adapter": ReactSixteenAdapter {
      "options": Object {
        "enableComponentDidUpdateOnSetState": true,
        "lifecycles": Object {
          "componentDidUpdate": Object {
            "onSetState": true,
          },
          "getDerivedStateFromProps": true,
          "getSnapshotBeforeUpdate": true,
          "setState": Object {
            "skipsComponentDidUpdateOnNullish": true,
          },
        },
      },
    },
  },
}
`;
